
> v4-next@0.1.0 build
> next build --webpack

   ▲ Next.js 16.0.10 (webpack)
   - Environments: .env

   Creating an optimized production build ...
 ✓ Compiled successfully in 7.5s
   Running TypeScript ...
   Collecting page data using 15 workers ...
   Generating static pages using 15 workers (0/14) ...
   Generating static pages using 15 workers (3/14) 
   Generating static pages using 15 workers (6/14) 
   Generating static pages using 15 workers (10/14) 
 ✓ Generating static pages using 15 workers (14/14) in 1064.9ms
   Finalizing page optimization ...
   Collecting build traces ...

Route (app)
┌ ○ /
├ ○ /_not-found
├ ○ /about
├ ○ /auth
├ ○ /auth/reset-password
├ ○ /auth/update-password
├ ○ /dashboard
├ ○ /dashboard/collabs
├ ○ /dashboard/create
├ ○ /dashboard/onboarding
├ ○ /dashboard/profile
├ ○ /dashboard/search
└ ƒ /u/[username]


○  (Static)   prerendered as static content
ƒ  (Dynamic)  server-rendered on demand

