src/app/u/[username]/page.tsx(241,27): error TS2352: Conversion of type '{ avatar_url: string | null; banner_url: string | null; bio: string | null; email_copy_count: number | null; engagement_rate: string | null; followers: string | null; full_name: string | null; ... 20 more ...; yt_copy_count: number | null; }' to type 'Profile' may be a mistake because neither type sufficiently overlaps with the other. If this was intentional, convert the expression to 'unknown' first.
  Property 'join_date' is missing in type '{ avatar_url: string | null; banner_url: string | null; bio: string | null; email_copy_count: number | null; engagement_rate: string | null; followers: string | null; full_name: string | null; ... 20 more ...; yt_copy_count: number | null; }' but required in type 'Profile'.
src/app/u/[username]/page.tsx(241,51): error TS2339: Property 'content_views' does not exist on type 'Profile'.
src/app/u/[username]/page.tsx(242,27): error TS2352: Conversion of type '{ avatar_url: string | null; banner_url: string | null; bio: string | null; email_copy_count: number | null; engagement_rate: string | null; followers: string | null; full_name: string | null; ... 20 more ...; yt_copy_count: number | null; }' to type 'Profile' may be a mistake because neither type sufficiently overlaps with the other. If this was intentional, convert the expression to 'unknown' first.
  Property 'join_date' is missing in type '{ avatar_url: string | null; banner_url: string | null; bio: string | null; email_copy_count: number | null; engagement_rate: string | null; followers: string | null; full_name: string | null; ... 20 more ...; yt_copy_count: number | null; }' but required in type 'Profile'.
src/app/u/[username]/page.tsx(242,51): error TS2339: Property 'client_rating' does not exist on type 'Profile'.
src/app/u/[username]/page.tsx(369,17): error TS2322: Type 'UseMutationResult<void, Error, { profileId: string; stat: "email_copy_count" | "insta_copy_count" | "page_visits" | "twitter_copy_count" | "yt_copy_count"; }, unknown>' is not assignable to type 'UseMutationResult<void, Error, { profileId: string; stat: string; }>'.
  Type 'Override<MutationObserverIdleResult<void, Error, { profileId: string; stat: "email_copy_count" | "insta_copy_count" | "page_visits" | "twitter_copy_count" | "yt_copy_count"; }, unknown>, { ...; }> & { ...; }' is not assignable to type 'UseMutationResult<void, Error, { profileId: string; stat: string; }>'.
    Type 'Override<MutationObserverIdleResult<void, Error, { profileId: string; stat: "email_copy_count" | "insta_copy_count" | "page_visits" | "twitter_copy_count" | "yt_copy_count"; }, unknown>, { ...; }> & { ...; }' is not assignable to type 'Override<MutationObserverIdleResult<void, Error, { profileId: string; stat: string; }, unknown>, { mutate: UseMutateFunction<void, Error, { profileId: string; stat: string; }, unknown>; }> & { ...; }'.
      Type 'Override<MutationObserverIdleResult<void, Error, { profileId: string; stat: "email_copy_count" | "insta_copy_count" | "page_visits" | "twitter_copy_count" | "yt_copy_count"; }, unknown>, { ...; }> & { ...; }' is not assignable to type 'Override<MutationObserverIdleResult<void, Error, { profileId: string; stat: string; }, unknown>, { mutate: UseMutateFunction<void, Error, { profileId: string; stat: string; }, unknown>; }>'.
        Types of property 'mutate' are incompatible.
          Type 'UseMutateFunction<void, Error, { profileId: string; stat: "email_copy_count" | "insta_copy_count" | "page_visits" | "twitter_copy_count" | "yt_copy_count"; }, unknown>' is not assignable to type 'UseMutateFunction<void, Error, { profileId: string; stat: string; }, unknown>'.
            Type '{ profileId: string; stat: string; }' is not assignable to type '{ profileId: string; stat: "email_copy_count" | "insta_copy_count" | "page_visits" | "twitter_copy_count" | "yt_copy_count"; }'.
              Types of property 'stat' are incompatible.
                Type 'string' is not assignable to type '"email_copy_count" | "insta_copy_count" | "page_visits" | "twitter_copy_count" | "yt_copy_count"'.
src/app/u/[username]/page.tsx(400,13): error TS2322: Type 'UseMutationResult<void, Error, { profileId: string; stat: "email_copy_count" | "insta_copy_count" | "page_visits" | "twitter_copy_count" | "yt_copy_count"; }, unknown>' is not assignable to type 'UseMutationResult<void, Error, { profileId: string; stat: string; }>'.
  Type 'Override<MutationObserverIdleResult<void, Error, { profileId: string; stat: "email_copy_count" | "insta_copy_count" | "page_visits" | "twitter_copy_count" | "yt_copy_count"; }, unknown>, { ...; }> & { ...; }' is not assignable to type 'UseMutationResult<void, Error, { profileId: string; stat: string; }>'.
    Type 'Override<MutationObserverIdleResult<void, Error, { profileId: string; stat: "email_copy_count" | "insta_copy_count" | "page_visits" | "twitter_copy_count" | "yt_copy_count"; }, unknown>, { ...; }> & { ...; }' is not assignable to type 'Override<MutationObserverIdleResult<void, Error, { profileId: string; stat: string; }, unknown>, { mutate: UseMutateFunction<void, Error, { profileId: string; stat: string; }, unknown>; }> & { ...; }'.
      Type 'Override<MutationObserverIdleResult<void, Error, { profileId: string; stat: "email_copy_count" | "insta_copy_count" | "page_visits" | "twitter_copy_count" | "yt_copy_count"; }, unknown>, { ...; }> & { ...; }' is not assignable to type 'Override<MutationObserverIdleResult<void, Error, { profileId: string; stat: string; }, unknown>, { mutate: UseMutateFunction<void, Error, { profileId: string; stat: string; }, unknown>; }>'.
        Types of property 'mutate' are incompatible.
          Type 'UseMutateFunction<void, Error, { profileId: string; stat: "email_copy_count" | "insta_copy_count" | "page_visits" | "twitter_copy_count" | "yt_copy_count"; }, unknown>' is not assignable to type 'UseMutateFunction<void, Error, { profileId: string; stat: string; }, unknown>'.
            Type '{ profileId: string; stat: string; }' is not assignable to type '{ profileId: string; stat: "email_copy_count" | "insta_copy_count" | "page_visits" | "twitter_copy_count" | "yt_copy_count"; }'.
              Types of property 'stat' are incompatible.
                Type 'string' is not assignable to type '"email_copy_count" | "insta_copy_count" | "page_visits" | "twitter_copy_count" | "yt_copy_count"'.
